#-----------------------------------------------------------
# Vivado v2016.2 (64-bit)
# SW Build 1577090 on Thu Jun  2 16:32:40 MDT 2016
# IP Build 1577682 on Fri Jun  3 12:00:54 MDT 2016
# Start of session at: Wed Apr 11 16:44:18 2018
# Process ID: 9144
# Current directory: C:/Users/chris/Desktop/32BitDadda/32bitdadda
# Command line: vivado.exe -gui_launcher_event rodinguilauncherevent18256 C:\Users\chris\Desktop\32BitDadda\32bitdadda\32bitdadda.xpr
# Log file: C:/Users/chris/Desktop/32BitDadda/32bitdadda/vivado.log
# Journal file: C:/Users/chris/Desktop/32BitDadda/32bitdadda\vivado.jou
#-----------------------------------------------------------
start_gui
open_project C:/Users/chris/Desktop/32BitDadda/32bitdadda/32bitdadda.xpr
update_compile_order -fileset sources_1
launch_simulation
source ThirtyTwobit_tb.tcl
restart
run 1 ms
launch_runs impl_1
wait_on_run impl_1
open_run impl_1
close_sim
close_project
create_project fulladder C:/Users/chris/Desktop/FullAdderTest/fulladder -part xc7a100tcsg324-1
file mkdir C:/Users/chris/Desktop/FullAdderTest/fulladder/fulladder.srcs/sources_1/new
close [ open C:/Users/chris/Desktop/FullAdderTest/fulladder/fulladder.srcs/sources_1/new/a.v w ]
add_files C:/Users/chris/Desktop/FullAdderTest/fulladder/fulladder.srcs/sources_1/new/a.v
update_compile_order -fileset sources_1
update_compile_order -fileset sim_1
remove_files C:/Users/chris/Desktop/FullAdderTest/fulladder/fulladder.srcs/sources_1/new/a.v
update_compile_order -fileset sources_1
update_compile_order -fileset sim_1
add_files -norecurse C:/Users/chris/Desktop/FullAdderTest/fulladder/fulladder.srcs/sources_1/new/Full-Adder.v
update_compile_order -fileset sources_1
update_compile_order -fileset sim_1
file mkdir C:/Users/chris/Desktop/FullAdderTest/fulladder/fulladder.srcs/sim_1/new
set_property SOURCE_SET sources_1 [get_filesets sim_1]
close [ open C:/Users/chris/Desktop/FullAdderTest/fulladder/fulladder.srcs/sim_1/new/fulladder_tb.v w ]
add_files -fileset sim_1 C:/Users/chris/Desktop/FullAdderTest/fulladder/fulladder.srcs/sim_1/new/fulladder_tb.v
update_compile_order -fileset sim_1
update_compile_order -fileset sim_1
update_compile_order -fileset sim_1
launch_simulation
launch_runs synth_1
wait_on_run synth_1
reset_run synth_1
launch_runs synth_1
wait_on_run synth_1
launch_simulation
source fulladder_tb.tcl
close_sim
